2026-06-09 19:40:09,074 INFO Chargement wells_pfas_clean.parquet…
2026-06-09 19:40:09,200 INFO   46338 lignes × 72 colonnes
2026-06-09 19:40:09,224 INFO   après filtre lat/lon : 46338 lignes
2026-06-09 19:40:10,924 INFO Cibles : sum>70=11490 (24.8%)  PFAS classes: {'FTS_4_2': 3, 'FTS_6_2': 2, 'FTS_8_2': 3, 'NEtFOSAA': 3, 'NMeFOSAA': 3, 'PFBA': 1, 'PFBS': 1, 'PFDA': 2, 'PFDoDA': 3, 'PFHpA': 1, 'PFHpS': 2, 'PFHxA': 1, 'PFHxS': 1, 'PFNA': 1, 'PFOA': 1, 'PFOS': 1, 'PFOSAm': 3, 'PFPeA': 1, 'PFPeS': 2, 'PFUnDA': 3}
2026-06-09 19:40:10,924 INFO Well category — lecture allwells…
2026-06-09 19:40:12,521 INFO   46338/46338 puits avec catégorie
2026-06-09 19:40:12,522 INFO SGMA basins — point-in-polygon…
2026-06-09 19:40:16,349 INFO   43532/46338 points dans un bassin SGMA
2026-06-09 19:40:16,385 INFO Contamination GeoTracker — KD-Tree (1, 3, 10, 50) km…
2026-06-09 19:40:26,220 INFO   dist médiane nearest site : 3.9 km
2026-06-09 19:40:26,220 INFO Co-contaminants GAMA — lecture gama.csv…
2026-06-09 19:40:31,170 INFO   5317 mesures, 4063 puits, 15 chemicals
2026-06-09 19:40:31,481 INFO   Match direct (par puits) : 847/46338 lignes
2026-06-09 19:41:46,784 INFO   Fallback spatial (≤50 km)   : +45479 lignes
2026-06-09 19:41:46,790 INFO   Total co-contaminants : 46326/46338 lignes (100.0%)
2026-06-09 19:41:46,799 INFO NOAA — récupération des stations CA…
2026-06-09 19:41:46,799 INFO   [cache] stations CA
2026-06-09 19:41:46,815 INFO   1382 stations disponibles
2026-06-09 19:41:51,821 INFO   11715 (station, année, datatype) à récupérer…
2026-06-09 19:41:52,691 INFO     200/11715 (230.0 req/s)
2026-06-09 19:41:53,165 INFO     400/11715 (297.6 req/s)
2026-06-09 19:41:53,676 INFO     600/11715 (323.5 req/s)
2026-06-09 19:41:54,150 INFO     800/11715 (343.5 req/s)
2026-06-09 19:41:54,677 INFO     1000/11715 (350.2 req/s)
2026-06-09 19:41:55,108 INFO     1200/11715 (365.1 req/s)
2026-06-09 19:41:55,567 INFO     1400/11715 (373.7 req/s)
2026-06-09 19:41:55,988 INFO     1600/11715 (384.0 req/s)
2026-06-09 19:41:56,734 INFO     1800/11715 (366.4 req/s)
2026-06-09 19:41:57,362 INFO     2000/11715 (361.0 req/s)
2026-06-09 19:41:57,919 INFO     2200/11715 (360.8 req/s)
2026-06-09 19:41:58,529 INFO     2400/11715 (357.8 req/s)
2026-06-09 19:41:59,121 INFO     2600/11715 (356.2 req/s)
2026-06-09 19:41:59,667 INFO     2800/11715 (356.9 req/s)
2026-06-09 19:42:00,164 INFO     3000/11715 (359.6 req/s)
2026-06-09 19:42:01,048 INFO     3200/11715 (346.8 req/s)
2026-06-09 19:42:02,150 INFO     3400/11715 (329.2 req/s)
2026-06-09 19:42:03,198 INFO     3600/11715 (316.4 req/s)
2026-06-09 19:42:04,058 INFO     3800/11715 (310.5 req/s)
2026-06-09 19:42:04,950 INFO     4000/11715 (304.7 req/s)
2026-06-09 19:42:05,628 INFO     4200/11715 (304.2 req/s)
2026-06-09 19:42:06,280 INFO     4400/11715 (304.3 req/s)
2026-06-09 19:42:06,987 INFO     4600/11715 (303.3 req/s)
2026-06-09 19:42:07,882 INFO     4800/11715 (298.9 req/s)
2026-06-09 19:42:08,591 INFO     5000/11715 (298.2 req/s)
2026-06-09 19:42:09,139 INFO     5200/11715 (300.3 req/s)
2026-06-09 19:42:09,838 INFO     5400/11715 (299.7 req/s)
2026-06-09 19:42:10,632 INFO     5600/11715 (297.7 req/s)
2026-06-09 19:42:11,662 INFO     5800/11715 (292.3 req/s)
2026-06-09 19:42:12,747 INFO     6000/11715 (286.7 req/s)
2026-06-09 19:42:13,467 INFO     6200/11715 (286.4 req/s)
2026-06-09 19:42:14,272 INFO     6400/11715 (285.1 req/s)
2026-06-09 19:42:15,745 INFO     6600/11715 (275.9 req/s)
2026-06-09 19:42:16,993 INFO     6800/11715 (270.1 req/s)
2026-06-09 19:42:17,785 INFO     7000/11715 (269.6 req/s)
2026-06-09 19:42:18,845 INFO     7200/11715 (266.4 req/s)
2026-06-09 19:42:20,433 INFO     7400/11715 (258.6 req/s)
2026-06-09 19:42:21,140 INFO     7600/11715 (259.2 req/s)
2026-06-09 19:42:21,859 INFO     7800/11715 (259.7 req/s)
2026-06-09 19:42:22,696 INFO     8000/11715 (259.1 req/s)
2026-06-09 19:42:23,491 INFO     8200/11715 (258.9 req/s)
2026-06-09 19:42:24,259 INFO     8400/11715 (259.0 req/s)
2026-06-09 19:42:25,018 INFO     8600/11715 (259.1 req/s)
2026-06-09 19:42:25,753 INFO     8800/11715 (259.3 req/s)
2026-06-09 19:42:26,791 INFO     9000/11715 (257.4 req/s)
2026-06-09 19:42:27,895 INFO     9200/11715 (255.0 req/s)
2026-06-09 19:42:28,892 INFO     9400/11715 (253.6 req/s)
2026-06-09 19:42:30,091 INFO     9600/11715 (250.8 req/s)
2026-06-09 19:42:31,236 INFO     9800/11715 (248.6 req/s)
2026-06-09 19:42:31,759 INFO     10000/11715 (250.4 req/s)
2026-06-09 19:42:32,783 INFO     10200/11715 (249.0 req/s)
2026-06-09 19:42:33,460 INFO     10400/11715 (249.8 req/s)
2026-06-09 19:42:34,286 INFO     10600/11715 (249.6 req/s)
2026-06-09 19:42:34,897 INFO     10800/11715 (250.7 req/s)
2026-06-09 19:42:35,628 INFO     11000/11715 (251.1 req/s)
2026-06-09 19:42:36,253 INFO     11200/11715 (252.1 req/s)
2026-06-09 19:42:36,866 INFO     11400/11715 (253.1 req/s)
2026-06-09 19:42:37,536 INFO     11600/11715 (253.7 req/s)
2026-06-09 19:42:37,939 INFO   Calcul des agrégats météo…
2026-06-09 19:54:31,301 INFO   météo enrichie : 33013/46338 lignes avec données
2026-06-09 19:54:35,556 INFO Sauvegardé : CA-PFAS-ASGWS.parquet  (46338 × 141)
2026-06-09 19:54:35,779 INFO data_dict.csv écrit (141 colonnes)
